121.025-24.975 121.025 24.975
121.025-25.0 121.025 25.0
121.05-24.975 121.05 24.975
121.05-25.0 121.05 25.0
121.05-25.025 121.05 25.025
121.075-24.95 121.075 24.95
121.075-24.975 121.075 24.975
121.075-25.0 121.075 25.0
121.075-25.025 121.075 25.025
121.075-25.05 121.075 25.05
121.1-24.925 121.1 24.925
121.1-24.95 121.1 24.95
121.1-24.975 121.1 24.975
121.1-25.0 121.1 25.0
121.1-25.025 121.1 25.025
121.1-25.05 121.1 25.05
121.125-24.925 121.125 24.925
121.125-24.95 121.125 24.95
121.125-24.975 121.125 24.975
121.125-25.0 121.125 25.0
121.125-25.025 121.125 25.025
121.125-25.05 121.125 25.05
121.125-25.075 121.125 25.075
121.15-24.9 121.15 24.9
121.15-24.925 121.15 24.925
121.15-24.95 121.15 24.95
121.15-24.975 121.15 24.975
121.15-25.0 121.15 25.0
121.15-25.025 121.15 25.025
121.15-25.05 121.15 25.05
121.15-25.075 121.15 25.075
121.175-24.9 121.175 24.9
121.175-24.925 121.175 24.925
121.175-24.95 121.175 24.95
121.175-24.975 121.175 24.975
121.175-25.0 121.175 25.0
121.175-25.025 121.175 25.025
121.175-25.05 121.175 25.05
121.175-25.075 121.175 25.075
121.2-24.875 121.2 24.875
121.2-24.9 121.2 24.9
121.2-24.925 121.2 24.925
121.2-24.95 121.2 24.95
121.2-24.975 121.2 24.975
121.2-25.0 121.2 25.0
121.2-25.025 121.2 25.025
121.2-25.05 121.2 25.05
121.2-25.075 121.2 25.075
121.2-25.1 121.2 25.1
121.225-24.875 121.225 24.875
121.225-24.9 121.225 24.9
121.225-24.925 121.225 24.925
121.225-24.95 121.225 24.95
121.225-24.975 121.225 24.975
121.225-25.0 121.225 25.0
121.225-25.025 121.225 25.025
121.225-25.05 121.225 25.05
121.225-25.075 121.225 25.075
121.225-25.1 121.225 25.1
121.25-24.85 121.25 24.85
121.25-24.875 121.25 24.875
121.25-24.9 121.25 24.9
121.25-24.925 121.25 24.925
121.25-24.95 121.25 24.95
121.25-24.975 121.25 24.975
121.25-25.0 121.25 25.0
121.25-25.025 121.25 25.025
121.25-25.05 121.25 25.05
121.25-25.075 121.25 25.075
121.25-25.1 121.25 25.1
121.275-24.825 121.275 24.825
121.275-24.85 121.275 24.85
121.275-24.875 121.275 24.875
121.275-24.9 121.275 24.9
121.275-24.925 121.275 24.925
121.275-24.95 121.275 24.95
121.275-24.975 121.275 24.975
121.275-25.0 121.275 25.0
121.275-25.025 121.275 25.025
121.275-25.05 121.275 25.05
121.275-25.075 121.275 25.075
121.275-25.1 121.275 25.1
121.275-25.125 121.275 25.125
121.3-24.825 121.3 24.825
121.3-24.85 121.3 24.85
121.3-24.875 121.3 24.875
121.3-24.9 121.3 24.9
121.3-24.925 121.3 24.925
121.3-24.95 121.3 24.95
121.3-24.975 121.3 24.975
121.3-25.0 121.3 25.0
121.3-25.025 121.3 25.025
121.3-25.05 121.3 25.05
121.3-25.075 121.3 25.075
121.3-25.1 121.3 25.1
121.3-25.125 121.3 25.125
121.325-24.8 121.325 24.8
121.325-24.825 121.325 24.825
121.325-24.85 121.325 24.85
121.325-24.875 121.325 24.875
121.325-24.9 121.325 24.9
121.325-24.925 121.325 24.925
121.325-24.95 121.325 24.95
121.325-24.975 121.325 24.975
121.325-25.0 121.325 25.0
121.325-25.025 121.325 25.025
121.325-25.05 121.325 25.05
121.325-25.075 121.325 25.075
121.325-25.1 121.325 25.1
121.325-25.125 121.325 25.125
121.35-24.8 121.35 24.8
121.35-24.825 121.35 24.825
121.35-24.85 121.35 24.85
121.35-24.875 121.35 24.875
121.35-24.9 121.35 24.9
121.35-24.925 121.35 24.925
121.35-24.95 121.35 24.95
121.35-24.975 121.35 24.975
121.35-25.0 121.35 25.0
121.35-25.025 121.35 25.025
121.35-25.05 121.35 25.05
121.35-25.075 121.35 25.075
121.35-25.1 121.35 25.1
121.35-25.125 121.35 25.125
121.375-24.775 121.375 24.775
121.375-24.8 121.375 24.8
121.375-24.825 121.375 24.825
121.375-24.85 121.375 24.85
121.375-24.875 121.375 24.875
121.375-24.9 121.375 24.9
121.375-24.925 121.375 24.925
121.375-24.95 121.375 24.95
121.375-24.975 121.375 24.975
121.375-25.0 121.375 25.0
121.375-25.025 121.375 25.025
121.375-25.05 121.375 25.05
121.375-25.075 121.375 25.075
121.375-25.1 121.375 25.1
121.375-25.125 121.375 25.125
121.375-25.15 121.375 25.15
121.4-24.775 121.4 24.775
121.4-24.8 121.4 24.8
121.4-24.825 121.4 24.825
121.4-24.85 121.4 24.85
121.4-24.875 121.4 24.875
121.4-24.9 121.4 24.9
121.4-24.925 121.4 24.925
121.4-24.95 121.4 24.95
121.4-24.975 121.4 24.975
121.4-25.0 121.4 25.0
121.4-25.025 121.4 25.025
121.4-25.05 121.4 25.05
121.4-25.075 121.4 25.075
121.4-25.1 121.4 25.1
121.4-25.125 121.4 25.125
121.4-25.15 121.4 25.15
121.425-24.75 121.425 24.75
121.425-24.775 121.425 24.775
121.425-24.8 121.425 24.8
121.425-24.825 121.425 24.825
121.425-24.85 121.425 24.85
121.425-24.875 121.425 24.875
121.425-24.9 121.425 24.9
121.425-24.925 121.425 24.925
121.425-24.95 121.425 24.95
121.425-24.975 121.425 24.975
121.425-25.0 121.425 25.0
121.425-25.025 121.425 25.025
121.425-25.05 121.425 25.05
121.425-25.075 121.425 25.075
121.425-25.1 121.425 25.1
121.425-25.125 121.425 25.125
121.425-25.15 121.425 25.15
121.425-25.175 121.425 25.175
121.425-25.2 121.425 25.2
121.45-24.725 121.45 24.725
121.45-24.75 121.45 24.75
121.45-24.775 121.45 24.775
121.45-24.8 121.45 24.8
121.45-24.825 121.45 24.825
121.45-24.85 121.45 24.85
121.45-24.875 121.45 24.875
121.45-24.9 121.45 24.9
121.45-24.925 121.45 24.925
121.45-24.95 121.45 24.95
121.45-24.975 121.45 24.975
121.45-25.0 121.45 25.0
121.45-25.025 121.45 25.025
121.45-25.05 121.45 25.05
121.45-25.075 121.45 25.075
121.45-25.1 121.45 25.1
121.45-25.125 121.45 25.125
121.45-25.15 121.45 25.15
121.45-25.175 121.45 25.175
121.45-25.2 121.45 25.2
121.45-25.225 121.45 25.225
121.45-25.25 121.45 25.25
121.475-24.725 121.475 24.725
121.475-24.75 121.475 24.75
121.475-24.775 121.475 24.775
121.475-24.8 121.475 24.8
121.475-24.825 121.475 24.825
121.475-24.85 121.475 24.85
121.475-24.875 121.475 24.875
121.475-24.9 121.475 24.9
121.475-24.925 121.475 24.925
121.475-24.95 121.475 24.95
121.475-24.975 121.475 24.975
121.475-25.0 121.475 25.0
121.475-25.025 121.475 25.025
121.475-25.05 121.475 25.05
121.475-25.075 121.475 25.075
121.475-25.1 121.475 25.1
121.475-25.125 121.475 25.125
121.475-25.15 121.475 25.15
121.475-25.175 121.475 25.175
121.475-25.2 121.475 25.2
121.475-25.225 121.475 25.225
121.475-25.25 121.475 25.25
121.5-24.7 121.5 24.7
121.5-24.725 121.5 24.725
121.5-24.75 121.5 24.75
121.5-24.775 121.5 24.775
121.5-24.8 121.5 24.8
121.5-24.825 121.5 24.825
121.5-24.85 121.5 24.85
121.5-24.875 121.5 24.875
121.5-24.9 121.5 24.9
121.5-24.925 121.5 24.925
121.5-24.95 121.5 24.95
121.5-24.975 121.5 24.975
121.5-25.0 121.5 25.0
121.5-25.025 121.5 25.025
121.5-25.05 121.5 25.05
121.5-25.075 121.5 25.075
121.5-25.1 121.5 25.1
121.5-25.125 121.5 25.125
121.5-25.15 121.5 25.15
121.5-25.175 121.5 25.175
121.5-25.2 121.5 25.2
121.5-25.225 121.5 25.225
121.5-25.25 121.5 25.25
121.5-25.275 121.5 25.275
121.525-24.7 121.525 24.7
121.525-24.725 121.525 24.725
121.525-24.75 121.525 24.75
121.525-24.775 121.525 24.775
121.525-24.8 121.525 24.8
121.525-24.825 121.525 24.825
121.525-24.85 121.525 24.85
121.525-24.875 121.525 24.875
121.525-24.9 121.525 24.9
121.525-24.925 121.525 24.925
121.525-24.95 121.525 24.95
121.525-24.975 121.525 24.975
121.525-25.0 121.525 25.0
121.525-25.025 121.525 25.025
121.525-25.05 121.525 25.05
121.525-25.075 121.525 25.075
121.525-25.1 121.525 25.1
121.525-25.125 121.525 25.125
121.525-25.15 121.525 25.15
121.525-25.175 121.525 25.175
121.525-25.2 121.525 25.2
121.525-25.225 121.525 25.225
121.525-25.25 121.525 25.25
121.525-25.275 121.525 25.275
121.55-24.675 121.55 24.675
121.55-24.7 121.55 24.7
121.55-24.725 121.55 24.725
121.55-24.75 121.55 24.75
121.55-24.775 121.55 24.775
121.55-24.8 121.55 24.8
121.55-24.825 121.55 24.825
121.55-24.85 121.55 24.85
121.55-24.875 121.55 24.875
121.55-24.9 121.55 24.9
121.55-24.925 121.55 24.925
121.55-24.95 121.55 24.95
121.55-24.975 121.55 24.975
121.55-25.0 121.55 25.0
121.55-25.025 121.55 25.025
121.55-25.05 121.55 25.05
121.55-25.075 121.55 25.075
121.55-25.1 121.55 25.1
121.55-25.125 121.55 25.125
121.55-25.15 121.55 25.15
121.55-25.175 121.55 25.175
121.55-25.2 121.55 25.2
121.55-25.225 121.55 25.225
121.55-25.25 121.55 25.25
121.55-25.275 121.55 25.275
121.575-24.675 121.575 24.675
121.575-24.7 121.575 24.7
121.575-24.725 121.575 24.725
121.575-24.75 121.575 24.75
121.575-24.775 121.575 24.775
121.575-24.8 121.575 24.8
121.575-24.825 121.575 24.825
121.575-24.85 121.575 24.85
121.575-24.875 121.575 24.875
121.575-24.9 121.575 24.9
121.575-24.925 121.575 24.925
121.575-24.95 121.575 24.95
121.575-24.975 121.575 24.975
121.575-25.0 121.575 25.0
121.575-25.025 121.575 25.025
121.575-25.05 121.575 25.05
121.575-25.075 121.575 25.075
121.575-25.1 121.575 25.1
121.575-25.125 121.575 25.125
121.575-25.15 121.575 25.15
121.575-25.175 121.575 25.175
121.575-25.2 121.575 25.2
121.575-25.225 121.575 25.225
121.575-25.25 121.575 25.25
121.575-25.275 121.575 25.275
121.6-24.65 121.6 24.65
121.6-24.675 121.6 24.675
121.6-24.7 121.6 24.7
121.6-24.725 121.6 24.725
121.6-24.75 121.6 24.75
121.6-24.775 121.6 24.775
121.6-24.8 121.6 24.8
121.6-24.825 121.6 24.825
121.6-24.85 121.6 24.85
121.6-24.875 121.6 24.875
121.6-24.9 121.6 24.9
121.6-24.925 121.6 24.925
121.6-24.95 121.6 24.95
121.6-24.975 121.6 24.975
121.6-25.0 121.6 25.0
121.6-25.025 121.6 25.025
121.6-25.05 121.6 25.05
121.6-25.075 121.6 25.075
121.6-25.1 121.6 25.1
121.6-25.125 121.6 25.125
121.6-25.15 121.6 25.15
121.6-25.175 121.6 25.175
121.6-25.2 121.6 25.2
121.6-25.225 121.6 25.225
121.6-25.25 121.6 25.25
121.6-25.275 121.6 25.275
121.625-24.625 121.625 24.625
121.625-24.65 121.625 24.65
121.625-24.675 121.625 24.675
121.625-24.7 121.625 24.7
121.625-24.725 121.625 24.725
121.625-24.75 121.625 24.75
121.625-24.775 121.625 24.775
121.625-24.8 121.625 24.8
121.625-24.825 121.625 24.825
121.625-24.85 121.625 24.85
121.625-24.875 121.625 24.875
121.625-24.9 121.625 24.9
121.625-24.925 121.625 24.925
121.625-24.95 121.625 24.95
121.625-24.975 121.625 24.975
121.625-25.0 121.625 25.0
121.625-25.025 121.625 25.025
121.625-25.05 121.625 25.05
121.625-25.075 121.625 25.075
121.625-25.1 121.625 25.1
121.625-25.125 121.625 25.125
121.625-25.15 121.625 25.15
121.625-25.175 121.625 25.175
121.625-25.2 121.625 25.2
121.625-25.225 121.625 25.225
121.625-25.25 121.625 25.25
121.65-24.625 121.65 24.625
121.65-24.65 121.65 24.65
121.65-24.675 121.65 24.675
121.65-24.7 121.65 24.7
121.65-24.725 121.65 24.725
121.65-24.75 121.65 24.75
121.65-24.775 121.65 24.775
121.65-24.8 121.65 24.8
121.65-24.825 121.65 24.825
121.65-24.85 121.65 24.85
121.65-24.875 121.65 24.875
121.65-24.9 121.65 24.9
121.65-24.925 121.65 24.925
121.65-24.95 121.65 24.95
121.65-24.975 121.65 24.975
121.65-25.0 121.65 25.0
121.65-25.025 121.65 25.025
121.65-25.05 121.65 25.05
121.65-25.075 121.65 25.075
121.65-25.1 121.65 25.1
121.65-25.125 121.65 25.125
121.65-25.15 121.65 25.15
121.65-25.175 121.65 25.175
121.65-25.2 121.65 25.2
121.65-25.225 121.65 25.225
121.675-24.6 121.675 24.6
121.675-24.625 121.675 24.625
121.675-24.65 121.675 24.65
121.675-24.675 121.675 24.675
121.675-24.7 121.675 24.7
121.675-24.725 121.675 24.725
121.675-24.75 121.675 24.75
121.675-24.775 121.675 24.775
121.675-24.8 121.675 24.8
121.675-24.825 121.675 24.825
121.675-24.85 121.675 24.85
121.675-24.875 121.675 24.875
121.675-24.9 121.675 24.9
121.675-24.925 121.675 24.925
121.675-24.95 121.675 24.95
121.675-24.975 121.675 24.975
121.675-25.0 121.675 25.0
121.675-25.025 121.675 25.025
121.675-25.05 121.675 25.05
121.675-25.075 121.675 25.075
121.675-25.1 121.675 25.1
121.675-25.125 121.675 25.125
121.675-25.15 121.675 25.15
121.675-25.175 121.675 25.175
121.675-25.2 121.675 25.2
121.7-24.6 121.7 24.6
121.7-24.625 121.7 24.625
121.7-24.65 121.7 24.65
121.7-24.675 121.7 24.675
121.7-24.7 121.7 24.7
121.7-24.725 121.7 24.725
121.7-24.75 121.7 24.75
121.7-24.775 121.7 24.775
121.7-24.8 121.7 24.8
121.7-24.825 121.7 24.825
121.7-24.85 121.7 24.85
121.7-24.875 121.7 24.875
121.7-24.9 121.7 24.9
121.7-24.925 121.7 24.925
121.7-24.95 121.7 24.95
121.7-24.975 121.7 24.975
121.7-25.0 121.7 25.0
121.7-25.025 121.7 25.025
121.7-25.05 121.7 25.05
121.7-25.075 121.7 25.075
121.7-25.1 121.7 25.1
121.7-25.125 121.7 25.125
121.7-25.15 121.7 25.15
121.725-24.575 121.725 24.575
121.725-24.6 121.725 24.6
121.725-24.625 121.725 24.625
121.725-24.65 121.725 24.65
121.725-24.675 121.725 24.675
121.725-24.7 121.725 24.7
121.725-24.725 121.725 24.725
121.725-24.75 121.725 24.75
121.725-24.775 121.725 24.775
121.725-24.8 121.725 24.8
121.725-24.825 121.725 24.825
121.725-24.85 121.725 24.85
121.725-24.875 121.725 24.875
121.725-24.9 121.725 24.9
121.725-24.925 121.725 24.925
121.725-24.95 121.725 24.95
121.725-24.975 121.725 24.975
121.725-25.0 121.725 25.0
121.725-25.025 121.725 25.025
121.725-25.05 121.725 25.05
121.725-25.075 121.725 25.075
121.725-25.1 121.725 25.1
121.725-25.125 121.725 25.125
121.725-25.15 121.725 25.15
121.75-24.575 121.75 24.575
121.75-24.6 121.75 24.6
121.75-24.625 121.75 24.625
121.75-24.65 121.75 24.65
121.75-24.675 121.75 24.675
121.75-24.7 121.75 24.7
121.75-24.725 121.75 24.725
121.75-24.75 121.75 24.75
121.75-24.775 121.75 24.775
121.75-24.8 121.75 24.8
121.75-24.825 121.75 24.825
121.75-24.85 121.75 24.85
121.75-24.875 121.75 24.875
121.75-24.9 121.75 24.9
121.75-24.925 121.75 24.925
121.75-24.95 121.75 24.95
121.75-24.975 121.75 24.975
121.75-25.0 121.75 25.0
121.75-25.025 121.75 25.025
121.75-25.05 121.75 25.05
121.75-25.075 121.75 25.075
121.75-25.1 121.75 25.1
121.75-25.125 121.75 25.125
121.775-24.55 121.775 24.55
121.775-24.575 121.775 24.575
121.775-24.6 121.775 24.6
121.775-24.625 121.775 24.625
121.775-24.65 121.775 24.65
121.775-24.675 121.775 24.675
121.775-24.7 121.775 24.7
121.775-24.725 121.775 24.725
121.775-24.75 121.775 24.75
121.775-24.775 121.775 24.775
121.775-24.8 121.775 24.8
121.775-24.825 121.775 24.825
121.775-24.85 121.775 24.85
121.775-24.875 121.775 24.875
121.775-24.9 121.775 24.9
121.775-24.925 121.775 24.925
121.775-24.95 121.775 24.95
121.775-24.975 121.775 24.975
121.775-25.0 121.775 25.0
121.775-25.025 121.775 25.025
121.775-25.05 121.775 25.05
121.775-25.075 121.775 25.075
121.775-25.1 121.775 25.1
121.775-25.125 121.775 25.125
121.775-25.15 121.775 25.15
121.8-24.525 121.8 24.525
121.8-24.55 121.8 24.55
121.8-24.575 121.8 24.575
121.8-24.6 121.8 24.6
121.8-24.625 121.8 24.625
121.8-24.65 121.8 24.65
121.8-24.675 121.8 24.675
121.8-24.7 121.8 24.7
121.8-24.725 121.8 24.725
121.8-24.75 121.8 24.75
121.8-24.775 121.8 24.775
121.8-24.8 121.8 24.8
121.8-24.825 121.8 24.825
121.8-24.85 121.8 24.85
121.8-24.875 121.8 24.875
121.8-24.9 121.8 24.9
121.8-24.925 121.8 24.925
121.8-24.95 121.8 24.95
121.8-24.975 121.8 24.975
121.8-25.0 121.8 25.0
121.8-25.025 121.8 25.025
121.8-25.05 121.8 25.05
121.8-25.075 121.8 25.075
121.8-25.1 121.8 25.1
121.8-25.125 121.8 25.125
121.825-24.525 121.825 24.525
121.825-24.55 121.825 24.55
121.825-24.575 121.825 24.575
121.825-24.6 121.825 24.6
121.825-24.625 121.825 24.625
121.825-24.65 121.825 24.65
121.825-24.675 121.825 24.675
121.825-24.7 121.825 24.7
121.825-24.875 121.825 24.875
121.825-24.9 121.825 24.9
121.825-24.925 121.825 24.925
121.825-24.95 121.825 24.95
121.825-24.975 121.825 24.975
121.825-25.0 121.825 25.0
121.825-25.025 121.825 25.025
121.825-25.05 121.825 25.05
121.825-25.075 121.825 25.075
121.825-25.1 121.825 25.1
121.825-25.125 121.825 25.125
121.85-24.55 121.85 24.55
121.85-24.575 121.85 24.575
121.85-24.6 121.85 24.6
121.85-24.9 121.85 24.9
121.85-24.925 121.85 24.925
121.85-24.95 121.85 24.95
121.85-24.975 121.85 24.975
121.85-25.0 121.85 25.0
121.85-25.025 121.85 25.025
121.85-25.05 121.85 25.05
121.85-25.075 121.85 25.075
121.85-25.1 121.85 25.1
121.85-25.125 121.85 25.125
121.875-24.95 121.875 24.95
121.875-24.975 121.875 24.975
121.875-25.0 121.875 25.0
121.875-25.025 121.875 25.025
121.875-25.05 121.875 25.05
121.875-25.075 121.875 25.075
121.875-25.1 121.875 25.1
121.875-25.125 121.875 25.125
121.9-24.95 121.9 24.95
121.9-24.975 121.9 24.975
121.9-25.0 121.9 25.0
121.9-25.025 121.9 25.025
121.9-25.05 121.9 25.05
121.9-25.075 121.9 25.075
121.9-25.1 121.9 25.1
121.9-25.125 121.9 25.125
121.925-24.975 121.925 24.975
121.925-25.0 121.925 25.0
121.925-25.025 121.925 25.025
121.95-24.85 121.95 24.85
121.95-25.0 121.95 25.0
121.95-25.025 121.95 25.025
121.975-25.0 121.975 25.0
121.975-25.025 121.975 25.025
