1 0 1 1 0.8441111.402762.473023.516813.98414.674237.020310.1480640.2522640.1787680.1308930.290011
 > 1.77915e-15 3.50987 8.82916e-20 4.27755 1.69717e-09 3.50987 3.50987 0 0
0 0 2 1 0.8320521.364662.527513.546874.004064.64997.574060.5305210.1347120.1090870.134220.091459
 > 6.4425e-19 5.33863 3.4176e-16 2.81832 1.52616e-11 5.33863 5.33863 0 0
1 0 3 2 0.8664281.446942.402213.526353.946684.615945.686630.1884220.2260160.1567180.1839340.24491
 > 2.06861e-14 3.02111 7.98921e-21 4.75886 7.29885e-09 3.02111 3.02111 0 0
1 0 4 3 0.8482661.364872.318683.655713.994444.735554.955560.1675520.04177550.2484490.2497670.292455
 > 5.38128e-14 2.84056 8.72469e-18 3.42877 1.28866e-08 2.84056 2.84056 0 0
0 0 5 3 0.7932661.41772.413653.655643.998544.657516.009590.1823230.05241140.191360.2128860.361021
 > 1.05507e-17 4.64972 1.18814e-20 4.67758 8.04605e-11 4.64972 4.64972 0 0
1 0 6 4 0.8355641.38622.396073.707783.96094.752032.417670.2580110.08513840.3319470.2203060.104598
 > 5.38331e-08 2.04557 3.36258e-20 4.46786 2.01665e-07 2.04557 2.04557 0 0
0 0 7 4 0.8117171.362112.359823.647543.965554.81984.45110.3523240.09411490.2123590.2129640.128238
 > 2.83619e-18 4.96751 1.21713e-26 7.91243 3.68412e-11 4.96751 4.96751 0 0
0 0 8 4 0.879261.360342.387243.698823.99234.808114.055430.4936960.01728950.3096460.1210180.0583497
 > 2.17778e-16 3.95743 3.50385e-27 8.24611 4.86774e-10 3.95743 3.95743 0 0
0 0 9 4 0.8179961.451472.303813.623293.949484.766962.615580.1861660.06332080.2585310.1035520.38843
 > 2.50617e-10 2.35091 2.27179e-17 3.26374 6.64192e-08 2.35091 2.35091 0 0
1 0 10 5 0.819451.37552.338163.778263.878144.764742.578780.1999280.03917020.4265220.1771540.157226
 > 1.57491e-06 1.82766 1.03236e-17 3.39946 1.57491e-06 1.82766 1.82766 0 0
0 0 11 5 0.8270211.468432.337263.77083.99734.793922.800380.1424340.04280930.223980.1292990.461477
 > 4.47903e-21 6.68033 1.22491e-15 2.6199 7.95283e-13 6.68033 6.68033 0 0
0 0 12 5 0.7669231.331512.364153.749483.836784.729373.437270.08786370.1253440.3585460.2504230.177823
 > 3.2941e-17 4.38282 8.25537e-15 2.33682 1.58339e-10 4.38282 4.38282 0 0
0 0 13 5 0.8316161.349812.375683.744983.844274.836632.422370.1266390.2061350.4048320.1530510.109342
 > 4.16808e-17 4.32863 1.7487e-16 2.92538 1.82119e-10 4.32863 4.32863 0 0
0 0 14 5 0.781041.347212.3453.741283.781954.826182.315070.1935870.05595170.3994690.1514830.19951
 > 2.35112e-11 2.47354 6.285e-18 3.48627 4.33982e-08 2.47354 2.47354 0 0
0 0 15 5 0.7546271.364972.235973.714363.9474.776495.058850.1678110.02790330.3434450.0684530.392387
 > 3.42645e-18 4.92112 5.88006e-18 3.49801 4.12246e-11 4.92112 4.92112 0 0
0 0 16 5 0.8088971.420532.291843.762623.887274.848643.793920.1572310.1546490.2398220.2559980.192299
 > 1.05355e-09 2.27327 1.0833e-18 3.80264 8.74592e-08 2.27327 2.27327 0 0
0 0 17 5 0.8421271.355592.339363.756213.851594.756022.759960.2571960.03227110.3124350.09510070.302998
 > 1.92373e-12 2.59696 1.03146e-20 4.70646 2.85776e-08 2.59696 2.59696 0 0
0 0 18 5 0.7988171.412422.38293.763223.892284.667262.868340.2298830.1021170.3406460.1710710.156283
 > 7.0245e-14 2.79122 3.78547e-19 3.99841 1.50991e-08 2.79122 2.79122 0 0
0 0 19 5 0.8001911.343422.310073.793433.798384.795884.40660.1389240.2251850.3574990.1491660.129225
 > 1.82881e-14 3.04478 1.07004e-21 5.18132 6.78324e-09 3.04478 3.04478 0 0
0 0 20 5 0.7657291.417362.346283.769473.872184.687642.957630.02251720.3133990.3036970.06659830.293788
 > 1.67145e-27 11.5675 7.29379e-15 2.3547 1.19772e-16 11.5675 11.5675 0 0
0 0 21 5 0.7162951.369772.36333.678543.874.78252.142850.4275910.06016760.2266540.09530360.190284
 > 6.97051e-20 5.92056 5.38483e-26 7.52297 4.06759e-12 5.92056 5.92056 0 0
0 0 22 5 0.7739351.302572.41413.778383.850534.763573.689020.0481010.1239020.6066040.07039130.151002
 > 8.8372e-25 9.33432 5.81991e-15 2.38748 4.98417e-15 9.33432 9.33432 0 0
0 0 23 5 0.8030911.312022.301063.854613.928484.806152.418510.1425530.2717610.3249770.1403940.120315
 > 4.3035e-08 2.0592 3.69868e-18 3.58023 1.91581e-07 2.0592 2.0592 0 0
0 0 24 5 0.8590541.345532.27693.826023.880994.662822.864430.3184170.1112980.08230580.2341580.253821
 > 1.28825e-14 3.1126 2.24894e-23 6.04337 5.50753e-09 3.1126 3.1126 0 0
0 0 25 5 0.7728381.423412.359233.779643.841924.747012.196060.2481980.01982130.2015040.1844450.346031
 > 8.70318e-11 2.40649 4.86404e-20 4.39459 5.46944e-08 2.40649 2.40649 0 0
0 0 26 5 0.7226961.348942.267653.788063.970324.795492.756890.08232140.03334590.5821390.1662720.135922
 > 2.64009e-28 12.2704 1.11197e-13 1.97706 3.99758e-17 12.2704 12.2704 0 0
0 0 27 5 0.8191671.367092.290283.793543.880954.789723.274750.1810060.07681280.361550.1413030.239329
 > 8.58733e-10 2.28449 5.37249e-18 3.51394 8.40264e-08 2.28449 2.28449 0 0
0 0 28 5 0.7953611.362412.346363.835933.877444.737082.616810.174750.06713990.3074130.3548390.095857
 > 2.07488e-09 2.2357 3.27679e-17 3.20164 1.00088e-07 2.2357 2.2357 0 0
0 0 29 5 0.8738971.34662.411963.832793.844794.791832.533570.1799160.07155740.4040370.1847150.159774
 > 4.17962e-10 2.32356 3.3893e-17 3.19595 7.31433e-08 2.32356 2.32356 0 0
0 0 30 5 0.8272281.403392.308233.718483.919264.819152.986350.2988940.04464730.1783020.1589830.319174
 > 2.37829e-15 3.45014 7.57574e-23 5.76516 2.01686e-09 3.45014 3.45014 0 0
1 0 31 6 0.9029331.420092.362893.7543.912934.821062.992170.1900220.1075930.2623040.3229780.117103
 > 0.00188214 1.25253 6.87322e-18 3.47054 0.00188214 1.25253 1.25253 0 0
0 0 32 6 0.895361.508482.358953.77233.884734.818773.250930.1113480.09660470.2545340.4339880.103525
 > 7.35437e-22 7.20544 7.71623e-15 2.34657 2.71627e-13 7.20544 7.20544 0 0
0 0 33 6 0.8368531.376722.361463.795183.946784.830332.421270.4525390.1000920.1864780.1360850.124806
 > 2.36721e-16 3.93914 1.51922e-26 7.85375 5.11524e-10 3.93914 3.93914 0 0
0 0 34 6 0.9989041.398592.280873.66673.931384.872493.405030.135460.199510.1545610.2605030.249966
 > 1.66121e-13 2.71229 1.0455e-17 3.39726 1.95133e-08 2.71229 2.71229 0 0
0 0 35 6 0.9848621.421272.381053.803533.947014.812693.759620.348010.09813430.1450410.356040.0527756
 > 4.80934e-05 1.57658 5.62455e-26 7.51171 4.80934e-05 1.57658 1.57658 0 0
0 0 36 6 0.9536621.48682.32523.75764.025474.828672.546370.1758640.1274790.3819520.2284830.0862217
 > 3.48795e-17 4.36962 7.64869e-17 3.06024 1.63815e-10 4.36962 4.36962 0 0
0 0 37 6 0.999791.486132.467233.784913.829974.911573.140720.1944980.0810730.2714660.3300280.122935
 > 7.51037e-12 2.53055 2.28461e-17 3.26278 3.57359e-08 2.53055 2.53055 0 0
1 0 38 7 0.9239071.37392.360713.788753.941844.8142.37030.252410.124840.2796190.3146290.0285021
 > 0.0105198 1.06706 2.75105e-20 4.50795 0.0105198 1.06706 1.06706 0 0
0 0 39 7 0.9137891.307762.406323.82754.019264.749822.579560.4670850.14380.1520520.159080.0779827
 > 6.53213e-14 2.80463 9.22535e-28 8.61137 1.44605e-08 2.80463 2.80463 0 0
0 0 40 7 0.9208431.414232.418673.860933.868474.81912.204020.2073680.1070860.3873670.131330.166849
 > 2.604e-15 3.43158 4.0549e-18 3.56385 2.12857e-09 3.43158 3.43158 0 0
0 0 41 7 0.9502221.416252.242433.712223.996314.821022.152710.1248590.09775410.2460460.3142650.217076
 > 4.5768e-30 13.8875 6.93872e-15 2.36193 3.58646e-18 13.8875 13.8875 0 0
0 0 42 7 0.8897321.335432.344113.837133.902994.739442.584770.2795750.05399360.211230.3697050.0854971
 > 1.49487e-07 1.98217 9.58087e-22 5.20507 2.56562e-07 1.98217 1.98217 0 0
0 0 43 7 0.8798031.471282.301423.772483.992654.734583.180990.1980650.2021840.2565660.308550.0346348
 > 0.00276608 1.2135 4.73986e-19 3.95613 0.00276608 1.2135 1.2135 0 0
0 0 44 7 0.9412661.463162.280783.805933.916394.681722.352080.1377270.2784590.4047410.1227860.0562881
 > 1.93514e-19 5.64963 2.14492e-16 2.89254 7.46471e-12 5.64963 5.64963 0 0
0 0 45 7 0.9493921.412812.357543.775443.948544.823072.730830.4992660.09318630.1435460.2393480.0246532
 > 2.42842e-08 2.09365 5.59659e-28 8.7502 1.68422e-07 2.09365 2.09365 0 0
0 0 46 7 0.9687111.298562.299633.834993.900544.763172.84250.1321750.121460.614270.1111670.0209281
 > 1.5549e-15 3.53777 2.35204e-16 2.87777 1.56651e-09 3.53777 3.53777 0 0
0 0 47 7 0.9400181.39612.282373.727154.005214.779043.983380.194680.1210620.3077190.2614350.115104
 > 0.00103495 1.31086 1.00675e-20 4.71142 0.00103495 1.31086 1.31086 0 0
0 0 48 7 0.8672261.423762.395593.785093.941874.843842.853410.216030.08917310.2446990.3363810.113718
 > 0.000254295 1.43849 5.61709e-19 3.92435 0.000254295 1.43849 1.43849 0 0
0 0 49 7 0.9484461.379142.344593.73263.950574.671122.200950.2703460.2709870.2786390.1422450.0377837
 > 0.00737153 1.10794 2.96861e-20 4.49272 0.00737153 1.10794 1.10794 0 0
0 0 50 7 0.8413481.386022.40023.813893.941754.781672.330620.2957830.15990.3000770.208080.0361599
 > 2.82394e-10 2.34455 6.04127e-22 5.30473 6.79209e-08 2.34455 2.34455 0 0
1 0 51 8 0.9892581.39762.386783.745043.897024.884034.134210.1836840.1480220.1829130.2907380.194643
 > 0.0023163 1.23164 1.17559e-20 4.67975 0.0023163 1.23164 1.23164 0 0
0 0 52 8 0.9085371.359152.445533.737423.866114.888633.746780.5180180.07426790.1065440.2520760.0490943
 > 2.04245e-15 3.4814 3.166e-28 8.9098 1.84232e-09 3.4814 3.4814 0 0
0 0 53 8 1.032011.381152.379043.734693.837814.812574.332820.1692020.1808030.1522370.2629350.234823
 > 5.23938e-06 1.74351 1.026e-20 4.70755 5.23938e-06 1.74351 1.74351 0 0
0 0 54 8 0.9671611.361312.434783.776333.919374.906143.542110.3176260.1234410.1524320.1863330.220168
 > 7.53008e-06 1.71731 6.09009e-26 7.49117 7.53008e-06 1.71731 1.71731 0 0
0 0 55 8 1.061581.402782.468983.69093.904094.981782.743110.2045350.1467280.1409470.2749080.232881
 > 1.98169e-14 3.02934 5.17236e-19 3.93977 7.1149e-09 3.02934 3.02934 0 0
0 0 56 8 0.9093631.376212.402513.741233.872014.961792.897930.2677830.1843830.278250.1604530.109132
 > 4.9987e-06 1.74688 5.22383e-23 5.84962 4.9987e-06 1.74688 1.74688 0 0
0 0 57 8 1.036921.465432.46513.799953.857944.887136.654430.1247290.1490560.208890.2579370.259388
 > 2.06333e-07 1.96175 1.50579e-17 3.33416 2.77488e-07 1.96175 1.96175 0 0
0 0 58 8 1.072421.473232.449813.726933.877164.945363.323230.05332980.1889190.1378980.3552540.2646
 > 4.28196e-29 12.9834 8.25588e-15 2.33681 1.35542e-17 12.9834 12.9834 0 0
0 0 59 8 0.8355621.359862.363993.769963.927384.872652.966470.1865150.04294640.1854410.4054750.179623
 > 1.54097e-05 1.66437 3.34162e-18 3.59836 1.54097e-05 1.66437 1.66437 0 0
0 0 60 8 1.048951.457892.308783.763533.913014.863035.119380.1254990.1316620.07111350.2558770.415849
 > 7.44665e-13 2.64225 9.93651e-16 2.65193 2.45771e-08 2.64225 2.64225 0 0
1 0 61 9 0.9743731.444652.356313.748753.96254.840383.62020.2047520.2648250.1572480.2637520.109423
 > 0.0034816 1.18957 2.40053e-22 5.50704 0.0034816 1.18957 1.18957 0 0
0 0 62 9 0.84661.448352.348683.758563.976844.854093.879920.1330270.1463340.1273670.4026050.190667
 > 0.00015411 1.48137 4.32549e-17 3.15497 0.00015411 1.48137 1.48137 0 0
0 0 63 9 0.966641.392742.28553.777514.007324.825914.331250.2068110.2325730.2091440.2660130.0854592
 > 0.000376892 1.40388 5.22131e-24 6.38657 0.000376892 1.40388 1.40388 0 0
0 0 64 9 1.102981.468252.387583.770513.861464.727432.860120.1764120.2184490.06292110.430880.111337
 > 5.73267e-18 4.79597 3.29192e-17 3.20087 5.59832e-11 4.79597 4.79597 0 0
1 0 65 10 0.9725361.44652.437983.740783.912634.752272.690470.2685830.2657420.2071490.1218380.136688
 > 0.00235796 1.22983 6.50653e-21 4.80117 0.00235796 1.22983 1.22983 0 0
0 0 66 10 1.058551.445972.406493.694073.943344.72773.000780.1911820.3531940.1019960.2059940.147634
 > 1.53653e-14 3.0784 6.54492e-20 4.33612 6.11601e-09 3.0784 3.0784 0 0
0 0 67 10 0.9151921.483182.556723.78533.900864.772843.566150.4022270.0968270.1881940.164320.148433
 > 2.93301e-12 2.57658 7.18445e-27 8.05285 3.05975e-08 2.57658 2.57658 0 0
0 0 68 10 0.9964311.448172.459713.792053.951784.712674.025080.2261980.2342320.1908240.2110440.137702
 > 0.00167439 1.26415 7.6503e-23 5.76295 0.00167439 1.26415 1.26415 0 0
0 0 69 10 0.9562391.433572.446593.713693.984.75582.603820.2161950.2440540.1656550.09476370.279331
 > 2.77405e-05 1.61962 3.26497e-19 4.02634 2.77405e-05 1.61962 1.61962 0 0
0 0 70 10 0.9462451.465082.517253.670013.948354.752563.731440.2544260.3060970.09593020.1439960.199551
 > 0.000409912 1.39639 2.54174e-24 6.55925 0.000409912 1.39639 1.39639 0 0
0 0 71 10 1.002621.444482.419643.808353.995134.766334.047620.27580.2782920.169270.102920.173719
 > 0.00075234 1.34093 7.40171e-25 6.86053 0.00075234 1.34093 1.34093 0 0
0 0 72 10 0.9545721.469622.462583.608843.912414.705112.429450.2567570.2589180.1556840.1870270.141614
 > 6.92963e-05 1.54735 1.70318e-19 4.15039 6.92963e-05 1.54735 1.54735 0 0
0 0 73 10 1.014521.486332.469253.819223.927294.727612.85080.1858410.3658410.2581180.1111550.079045
 > 1.23909e-14 3.12018 3.73771e-19 4.0008 5.38156e-09 3.12018 3.12018 0 0
0 0 74 10 0.9698011.356942.392463.739763.887974.716272.313050.1317670.2031320.300010.269690.0953996
 > 1.80666e-20 6.28856 2.37775e-16 2.87603 1.8225e-12 6.28856 6.28856 0 0
0 0 75 10 0.9614271.399092.336013.713373.90144.691154.026080.2606970.3320980.08477690.1215230.200905
 > 1.97516e-05 1.64562 1.04866e-24 6.77476 1.97516e-05 1.64562 1.64562 0 0
0 0 76 10 1.024521.423852.431233.682123.796844.752832.629550.1590740.3749990.1122660.09530740.258354
 > 3.21118e-16 3.87266 2.39166e-18 3.65843 6.13207e-10 3.87266 3.87266 0 0
0 0 77 10 1.083161.45722.510193.640533.886434.733493.786180.1599950.2417520.07461320.3881450.135495
 > 2.25726e-15 3.46085 2.06682e-18 3.6848 1.95518e-09 3.46085 3.46085 0 0
0 0 78 10 1.034011.446582.452743.764823.867864.751823.123860.1501130.1528930.3508240.1090610.237109
 > 6.20623e-17 4.23774 3.66726e-16 2.80717 2.30759e-10 4.23774 4.23774 0 0
1 0 79 11 1.012631.441162.446783.709963.995744.719483.985160.2367070.1261940.2973150.134960.204825
 > 0.000917501 1.3223 8.59366e-22 5.22848 0.000917501 1.3223 1.3223 0 0
0 0 80 11 1.070691.446322.481973.706024.062674.642764.113530.2788720.0983740.3018930.02212060.29874
 > 2.01693e-06 1.81066 6.8617e-23 5.7876 2.01693e-06 1.81066 1.81066 0 0
0 0 81 11 0.9596611.360632.389123.716193.956974.71813.50510.1628920.08029690.3641310.235580.1571
 > 0.000732838 1.34337 5.84111e-17 3.10487 0.000732838 1.34337 1.34337 0 0
0 0 82 11 0.9670571.428132.520133.704673.996924.700854.848670.2638810.176930.256530.1437390.158921
 > 5.1828e-06 1.74429 1.15834e-23 6.19813 5.1828e-06 1.74429 1.74429 0 0
0 0 83 11 0.9033581.504912.434043.667174.003284.702722.841750.03095220.2631890.254440.1353170.316102
 > 5.95409e-31 14.7386 2.96136e-14 2.15635 1.06659e-18 14.7386 14.7386 0 0
0 0 84 11 1.030281.521082.380983.720194.074634.65752.680490.2781230.1366750.1985380.1661670.220498
 > 2.3365e-09 2.22905 2.61492e-19 4.06845 1.02518e-07 2.22905 2.22905 0 0
0 0 85 11 1.048651.381452.448483.852843.923024.695283.479440.309380.2696610.2460210.1209560.0539818
 > 3.19101e-05 1.60877 4.13718e-25 7.00493 3.19101e-05 1.60877 1.60877 0 0
0 0 86 11 0.9656451.45182.514123.693954.003754.78544.074450.1493680.1046150.1870620.05046380.508491
 > 6.14921e-06 1.73199 6.87909e-17 3.07776 6.14921e-06 1.73199 1.73199 0 0
0 0 87 11 1.066331.534312.507393.794044.011294.697313.591490.1501250.159040.3041250.06116040.32555
 > 6.95437e-18 4.74941 4.0926e-16 2.78987 6.2798e-11 4.74941 4.74941 0 0
0 0 88 11 1.095891.383072.528423.666343.960124.755823.870180.192950.1740480.4207570.1107380.101507
 > 6.08431e-11 2.42501 7.60712e-21 4.76894 5.12918e-08 2.42501 2.42501 0 0
0 0 89 11 1.08271.480072.509543.695653.954644.725343.913540.349310.1326050.3538510.07134740.092887
 > 1.54987e-07 1.97989 1.82846e-24 6.63902 2.58812e-07 1.97989 1.97989 0 0
0 0 90 11 0.956591.413972.488213.699673.944424.695644.237360.05336120.4057870.2522090.07781170.210831
 > 1.85151e-19 5.66122 4.176e-20 4.42479 7.27117e-12 5.66122 5.66122 0 0
0 0 91 11 1.023391.408392.457143.891224.001214.770063.848740.114770.05191920.4611160.2256610.146534
 > 4.27215e-19 5.44386 2.99094e-15 2.48544 1.19541e-11 5.44386 5.44386 0 0
0 0 92 11 1.128361.362122.540863.763074.005624.740583.26140.3156570.1336620.2327740.1304020.187505
 > 7.66456e-13 2.64088 2.32124e-23 6.03604 2.46886e-08 2.64088 2.64088 0 0
1 0 93 12 0.9747211.485692.535123.692364.085234.723965.874850.1685730.09200940.2158150.1932640.330338
 > 0.00262807 1.21876 1.39896e-18 3.75577 0.00262807 1.21876 1.21876 0 0
1 0 94 13 0.9896241.538652.541883.661494.042944.68424.705250.2124640.2266080.07413120.1276830.359114
 > 0.00270149 1.21593 5.13973e-22 5.33988 0.00270149 1.21593 1.21593 0 0
0 0 95 13 0.9279211.50652.60693.626614.084674.686482.987780.4521410.1792620.04539760.05523180.267968
 > 6.37549e-09 2.17203 1.43237e-26 7.86931 1.26117e-07 2.17203 2.17203 0 0
0 0 96 13 0.9900161.639192.506723.717963.98244.613045.036990.1037540.3574340.07212530.1275390.339148
 > 3.46755e-17 4.37097 6.25629e-17 3.09347 1.63245e-10 4.37097 4.37097 0 0
0 0 97 13 0.9353371.5242.611583.668183.98724.732875.757440.2561330.1468580.3259570.1052150.165837
 > 4.85889e-09 2.1876 1.67023e-20 4.60839 1.19146e-07 2.1876 2.1876 0 0
1 0 98 14 0.9500881.542722.587593.67614.035484.721854.227090.1944440.2267330.2521310.2041810.122512
 > 0.00892344 1.08617 4.99177e-21 4.85608 0.00892344 1.08617 1.08617 0 0
0 0 99 14 0.9261841.618882.577643.667883.96154.660994.20560.05624620.1623910.1595950.252210.369559
 > 4.21306e-28 12.0904 2.40564e-14 2.18522 5.27823e-17 12.0904 12.0904 0 0
0 0 100 14 0.842921.506432.654043.630924.073274.778843.600050.1374270.2496820.1879980.2224180.202475
 > 3.72244e-07 1.92378 4.4285e-17 3.15103 3.72244e-07 1.92378 1.92378 0 0
0 0 101 14 1.059841.604542.585393.686624.001624.662484.516150.1253570.3261880.2438960.1732420.131317
 > 1.34781e-17 4.59165 5.0474e-20 4.38728 9.30718e-11 4.59165 4.59165 0 0
0 0 102 14 0.9701511.562542.588923.689594.033374.784413.859740.1422720.1852550.37290.112450.187122
 > 7.0307e-15 3.23159 1.5117e-17 3.33348 3.84216e-09 3.23159 3.23159 0 0
0 0 103 14 1.012311.63312.533993.770474.071754.698175.76150.03848930.07262670.4650510.1696920.254141
 > 1.75156e-31 15.2614 2.06319e-12 1.60883 5.15266e-19 15.2614 15.2614 0 0
0 0 104 14 1.084671.520572.557653.590464.061764.782792.806670.1496880.1576370.2005960.1538860.338194
 > 3.17937e-22 7.45593 5.97162e-16 2.73068 1.64974e-13 7.45593 7.45593 0 0
0 0 105 14 1.006161.465152.602063.670544.036814.6623.810430.007620290.3700960.2280160.2229620.171306
 > 9.61009e-29 12.664 1.67966e-15 2.57194 2.19195e-17 12.664 12.664 0 0
0 0 106 14 0.9365211.592642.561713.570654.057564.748044.48280.1197740.4437820.1831410.1617230.0915806
 > 1.2687e-14 3.11558 3.12585e-22 5.44878 5.45767e-09 3.11558 3.11558 0 0
0 0 107 14 0.9702351.522422.621933.678094.021784.800445.546130.1972140.2115310.2346060.2461240.110525
 > 0.00118156 1.29816 8.71149e-20 4.28016 0.00118156 1.29816 1.29816 0 0
0 0 108 14 1.011671.537092.552343.688774.041844.739334.038240.1832180.2284690.2126070.2845480.0911594
 > 1.35469e-08 2.12821 5.44527e-20 4.37231 1.48156e-07 2.12821 2.12821 0 0
0 0 109 14 0.864631.55442.648533.681464.043964.72683.289880.1329990.1035220.0826470.6680540.0127782
 > 3.82768e-19 5.47218 4.05499e-15 2.4404 1.11982e-11 5.47218 5.47218 0 0
0 0 110 14 0.9197641.470712.697173.641064.041234.637494.954420.1767340.2113840.1197560.3692070.122918
 > 0.000287721 1.42772 2.14565e-18 3.67803 0.000287721 1.42772 1.42772 0 0
0 0 111 14 0.9542261.611572.634783.673194.067544.722133.795210.07797860.1029930.356410.1911720.271447
 > 8.36315e-29 12.7186 1.50679e-13 1.93699 2.01809e-17 12.7186 12.7186 0 0
0 0 112 14 0.9397081.54532.648083.811224.077854.867984.315380.1494130.2805060.20470.2144550.150927
 > 2.53725e-05 1.62649 1.44156e-20 4.63824 2.53725e-05 1.62649 1.62649 0 0
0 0 113 14 0.9275161.544932.598813.641384.058774.687534.037120.1392730.2382210.2826780.2089920.130837
 > 5.4736e-09 2.18079 3.86487e-18 3.57239 1.22145e-07 2.18079 2.18079 0 0
0 0 114 14 0.9438191.535562.576643.654814.022074.684983.235990.1221620.2144860.2691750.2230070.17117
 > 5.73665e-19 5.36825 2.88907e-15 2.49059 1.42441e-11 5.36825 5.36825 0 0
0 0 115 14 0.9797941.477342.639983.732854.025194.728333.353880.1597630.2615340.1068720.3405160.131315
 > 8.57776e-14 2.75452 2.17867e-17 3.27087 1.70035e-08 2.75452 2.75452 0 0
0 0 116 14 0.9579311.516272.570843.618434.023824.762832.840580.2354610.1411110.07314040.3655860.184701
 > 3.86996e-05 1.59371 9.92207e-19 3.81881 3.86996e-05 1.59371 1.59371 0 0
0 0 117 14 0.9432181.613782.618213.684174.023684.800993.310210.1900810.2227260.2452530.1551420.186799
 > 6.87105e-11 2.41874 9.80304e-18 3.40846 5.24189e-08 2.41874 2.41874 0 0
0 0 118 14 1.040591.576382.540093.621614.018964.727393.118120.1595990.09574830.2963110.3085030.139838
 > 5.71566e-20 5.97396 3.5549e-15 2.45983 3.61479e-